  21346 vincenzo  20   0 1580908  76712   4628 R  77,0   0,2   0:00.77 sycl_rs_erasure
  21346 vincenzo  20   0 1580908 169112   4628 R  99,0   0,5   0:01.77 sycl_rs_erasure
  21346 vincenzo  20   0 1580908 251744   4628 R 100,0   0,8   0:02.77 sycl_rs_erasure
  21346 vincenzo  20   0 1580908 325136   4628 R 100,0   1,0   0:03.78 sycl_rs_erasure
  21346 vincenzo  20   0 1580908 415688   4628 R 100,0   1,3   0:04.78 sycl_rs_erasure
  21346 vincenzo  20   0 1580908 506240   4628 R 100,0   1,5   0:05.79 sycl_rs_erasure
  21346 vincenzo  20   0 1580908 597056   4628 R  99,0   1,8   0:06.79 sycl_rs_erasure
  21346 vincenzo  20   0 1580908 687608   4628 R 100,0   2,1   0:07.79 sycl_rs_erasure
  21346 vincenzo  20   0 1580908 778424   4628 R 100,0   2,4   0:08.80 sycl_rs_erasure
  21346 vincenzo  20   0 1580908   1,5g   4756 R 100,0   4,8   0:09.80 sycl_rs_erasure
  21346 vincenzo  20   0 1580908   1,5g   4756 R 100,0   4,8   0:10.81 sycl_rs_erasure
  21346 vincenzo  20   0 1580908   1,5g   4756 R  99,0   4,8   0:11.81 sycl_rs_erasure
  21346 vincenzo  20   0 1580908   1,5g   4756 R 100,0   4,8   0:12.81 sycl_rs_erasure
  21346 vincenzo  20   0 1580908   1,5g   4756 R 100,0   4,8   0:13.82 sycl_rs_erasure
  21346 vincenzo  20   0 1580908   1,5g   4756 R 100,0   4,8   0:14.82 sycl_rs_erasure
  21479 vincenzo  20   0    8152   5324   4584 D   0,0   0,0   0:00.00 sycl_rs_erasure
  21479 vincenzo  20   0 3679256  61412   4584 R  73,0   0,2   0:00.73 sycl_rs_erasure
  21479 vincenzo  20   0 3679256 150380   4584 R 100,0   0,5   0:01.73 sycl_rs_erasure
  21479 vincenzo  20   0 3679256 241196   4584 R  99,0   0,7   0:02.73 sycl_rs_erasure
  21479 vincenzo  20   0 3679256 273140   4584 R 100,0   0,8   0:03.09 sycl_rs_erasure
  21479 vincenzo  20   0 3679256 276308   4584 R 100,0   0,8   0:03.12 sycl_rs_erasure
  21479 vincenzo  20   0 3679256 287924   4584 R 100,0   0,9   0:03.25 sycl_rs_erasure
  21479 vincenzo  20   0 3679256 300332   4584 R 100,0   0,9   0:03.39 sycl_rs_erasure
  21479 vincenzo  20   0 3679256 312212   4584 R 100,0   1,0   0:03.52 sycl_rs_erasure
  21479 vincenzo  20   0 3679256 315380   4584 R 100,0   1,0   0:03.56 sycl_rs_erasure
  21479 vincenzo  20   0 3679256 323036   4584 R 100,0   1,0   0:03.64 sycl_rs_erasure
  21479 vincenzo  20   0 3679256 413852   4584 R 100,0   1,3   0:04.65 sycl_rs_erasure
  21479 vincenzo  20   0 3679256 504404   4584 R  99,0   1,5   0:05.64 sycl_rs_erasure
  21479 vincenzo  20   0 3679256 595220   4584 R 100,0   1,8   0:06.65 sycl_rs_erasure
  21479 vincenzo  20   0 3679256 685772   4584 R  99,0   2,1   0:07.65 sycl_rs_erasure
  21479 vincenzo  20   0 3679256 776324   4584 R 100,0   2,4   0:08.65 sycl_rs_erasure
  21479 vincenzo  20   0 3679256   1,5g   4584 R  61,0   4,8   0:09.26 sycl_rs_erasure
  21479 vincenzo  20   0 3679256   1,5g   4584 R  49,5   4,8   0:09.76 sycl_rs_erasure
  21479 vincenzo  20   0 3679256   1,5g   4584 S  44,0   4,8   0:10.20 sycl_rs_erasure
  21479 vincenzo  20   0 3679256   1,5g   4584 R  44,6   4,8   0:10.65 sycl_rs_erasure
  21479 vincenzo  20   0 3679256   1,5g   4584 R  50,0   4,8   0:11.15 sycl_rs_erasure
  21479 vincenzo  20   0 3679256   1,5g   4584 S  46,5   4,8   0:11.62 sycl_rs_erasure
  21479 vincenzo  20   0 3679256   1,5g   4584 S  45,0   4,8   0:12.07 sycl_rs_erasure
  21479 vincenzo  20   0 3679256   1,5g   4584 R  46,5   4,8   0:12.54 sycl_rs_erasure
  21479 vincenzo  20   0 3679256   1,5g   4584 S  50,0   4,8   0:13.04 sycl_rs_erasure
  21479 vincenzo  20   0 3679256   1,5g   4584 S  44,6   4,8   0:13.49 sycl_rs_erasure
  21479 vincenzo  20   0 3679256   1,5g   4584 S  45,0   4,8   0:13.94 sycl_rs_erasure
  21479 vincenzo  20   0 3679256   1,5g   4584 R  49,0   4,8   0:14.43 sycl_rs_erasure
  21479 vincenzo  20   0 3679256   1,5g   4584 S  47,5   4,8   0:14.91 sycl_rs_erasure
  21479 vincenzo  20   0 3679256   1,5g   4584 S  45,0   4,8   0:15.36 sycl_rs_erasure
  21479 vincenzo  20   0 3679256   1,5g   4584 R  45,5   4,8   0:15.82 sycl_rs_erasure
  21479 vincenzo  20   0 3679256   1,5g   4584 R  50,0   4,8   0:16.32 sycl_rs_erasure
