Running for 60.0 seconds (120 samples at 0.5 second intervals).
Power measurements will start in 0 seconds time.

  Time    User  Nice   Sys  Idle    IO  Run Ctxt/s  IRQ/s Fork Exec Exit  Watts
17:45:24   0.0   0.0   0.0 100.0   0.0    1   1738   4474    0    0    0  81.90
17:45:24   0.0   0.0   0.1  99.9   0.0    2    508    390    5    4    4  15.19
17:45:25   0.2   0.0   0.2  99.5   0.0    1   1840   1028   11   12    9  17.32
17:45:25   0.0   0.0   0.0 100.0   0.0    1    372    242    0    0    0  14.19
17:45:26   0.0   0.0   0.1  99.9   0.0    1    990    650    9    5   12  15.31
17:45:26   0.0   0.0   0.0 100.0   0.0    1    244    228    0    0    0  14.07
17:45:27   0.0   0.0   0.0 100.0   0.0    1    632    316    0    0    0  14.49
17:45:27   0.0   0.0   0.0 100.0   0.0    1    354    248    0    0    0  14.18
17:45:28   0.0   0.0   0.0 100.0   0.0    1    524    272    0    0    0  14.25
17:45:28   0.0   0.0   0.0 100.0   0.0    1    472    296    0    0    0  14.43
17:45:29   0.0   0.0   0.0  99.9   0.1    1    674    422    0    0    0  14.99
17:45:29   0.0   0.0   0.1  99.9   0.0    1    828    532   12   12    9  15.57
17:45:30   0.0   0.0   0.0 100.0   0.0    1    460    338    0    0    0  14.34
17:45:30   0.0   0.0   0.0 100.0   0.0    1    590    436    9    5   12  14.64
17:45:31   0.0   0.0   0.1  99.9   0.0    1    680    586    9    9    6  15.13
17:45:31   0.0   0.0   0.0 100.0   0.0    1    528    292    0    0    0  14.42
17:45:32   0.0   0.0   0.0 100.0   0.0    1    488    366    3    2    6  14.43
17:45:32   4.6   0.0   0.2  95.1   0.0    2    604    668    6    5    1  38.21
17:45:33   6.1   0.0   0.1  93.7   0.0    2    422    620    0    0    0  45.75
17:45:33   6.1   0.0   0.2  93.6   0.0    2    718    898   14   14   11  47.11
17:45:34   6.1   0.0   0.1  93.6   0.1    2    352    588    0    0    0  46.56
17:45:34   6.1   0.0   0.2  93.6   0.0    2    724    920   13    7   16  47.42
17:45:35   6.1   0.0   0.0  93.9   0.0    2    426    648    0    0    0  46.74
17:45:35   6.2   0.0   0.1  93.6   0.0    2    338    626    0    0    0  47.17
17:45:36   6.0   0.0   0.3  93.7   0.0    2    336    588    0    0    0  46.90
17:45:36   5.5   0.0   0.8  93.8   0.0    2    366    620    0    0    0  48.65
17:45:37   6.4   0.0   0.0  93.6   0.0    2    964    742    0    0    0  59.93
17:45:37   0.6   0.0   0.2  99.1   0.0    1    710    582    1    0    6  20.90
17:45:38   0.2   0.0   0.0  99.8   0.0    1    786    482    9    9    6  15.42
17:45:38   0.0   0.0   0.0 100.0   0.0    1    432    274    0    0    0  14.46
17:45:39   0.0   0.0   0.0  99.9   0.1    1    940    600    3    2    6  15.20
17:45:39   0.0   0.0   0.1  99.9   0.0    1    652    346    0    0    0  14.83
17:45:40   0.0   0.0   0.0 100.0   0.0    1    474    268    0    0    0  14.46
17:45:40   0.0   0.0   0.0 100.0   0.0    1    454    298    0    0    0  14.46
17:45:41   0.0   0.0   0.0 100.0   0.0    1    468    246    0    0    0  14.43
17:45:41   0.0   0.0   0.0 100.0   0.0    1    708    334    0    0    0  14.73
17:45:42   0.2   0.0   0.1  99.6   0.0    1   1184    782   12    8    9  16.40
17:45:42   0.0   0.0   1.0  99.0   0.0    2    426    430    0    0    0  19.85
17:45:43   6.0   0.0   0.4  93.6   0.0    2   1246    888   12   12    9  46.97
17:45:43   6.3   0.0   0.0  93.7   0.0    2    256    532    0    0    0  46.75
17:45:44   6.2   0.0   0.1  93.6   0.0    2    678    762    9    5   12  47.18
17:45:44   6.1   0.0   0.1  93.8   0.0    2    272    598    0    0    0  46.87
17:45:45   6.1   0.0   0.1  93.7   0.0    2    376    596    0    0    0  46.92
17:45:45   6.1   0.0   0.1  93.7   0.0    2   1356   3572    1    0    0  80.02
17:45:46   6.3   0.0   0.0  93.7   0.0    2   1492   4608    0    0    0  92.05
17:45:46   6.3   0.0   0.1  93.6   0.0    3   1754   4682    1    1    1  92.94
17:45:47   6.2   0.0   0.0  93.6   0.1    2    612    712    0    0    0  48.60
17:45:47   2.9   0.0   0.8  96.4   0.0    2   6860   3746    4    4    4  44.88
17:45:48   2.4   0.0   0.1  97.5   0.0    1   9270   4962   12   12    9  42.23
17:45:48   2.6   0.0   0.0  97.4   0.0    1   8372   4464    0    0    0  42.55
17:45:49   2.5   0.0   0.0  97.5   0.0    2   9410   5054    9    5   12  42.01
17:45:49   0.6   0.0   0.3  99.1   0.0    1   2026   1282    1    0    4  23.07
17:45:50   0.0   0.0   0.0 100.0   0.0    1    420    250    0    0    0  14.36
17:45:50   0.1   0.0   0.0  99.9   0.0    2    326    236    0    0    0  14.24
17:45:51   0.0   0.0   0.0 100.0   0.0    1    490    308    0    0    0  14.35
17:45:51   0.0   0.0   0.0 100.0   0.0    1    310    208    0    0    0  14.19
17:45:52   0.0   0.0   0.0  99.9   0.1    1    402    272    0    0    0  14.37
17:45:52   0.0   0.0   0.0 100.0   0.0    1    292    248    0    0    0  14.19
17:45:53   0.1   0.0   0.1  99.8   0.0    1   1276    676    9    9    6  16.20
17:45:53   0.0   0.0   0.0 100.0   0.0    1    400    248    0    0    0  14.30
17:45:54   0.0   0.0   0.1  99.9   0.0    1    608    520    3    2    6  14.67
17:45:54   0.0   0.0   0.0 100.0   0.0    1    304    246    0    0    0  14.22
17:45:55   0.0   0.0   0.0 100.0   0.0    1    376    258    0    0    0  14.38
17:45:55   0.0   0.0   0.0 100.0   0.0    1    336    204    0    0    0  14.03
17:45:56   0.0   0.0   0.0 100.0   0.0    1    480    252    0    0    0  14.29
17:45:56   0.0   0.0   0.0 100.0   0.0    1    268    232    0    0    0  14.12
17:45:57   0.0   0.0   0.0  99.9   0.1    1    396    258    0    0    0  14.23
17:45:57   0.0   0.0   0.0 100.0   0.0    1    272    204    0    0    0  14.05
17:45:58   0.0   0.0   0.0 100.0   0.0    1   1090    520    0    0    0  15.34
17:45:58   0.0   0.0   0.0 100.0   0.0    1    346    270    0    0    0  14.33
17:45:59   0.0   0.0   0.0 100.0   0.0    1    420    246    0    0    0  14.26
17:45:59   0.0   0.0   0.0 100.0   0.0    1    454    274    0    0    0  14.40
17:46:00   0.0   0.0   0.0 100.0   0.0    1    704   1118    0    0    0  28.39
17:46:00   0.0   0.0   0.1  99.9   0.0    1   1042   4392    0    0    0  85.99
17:46:01   0.0   0.0   0.0 100.0   0.0    1    948   1172    0    0    0  25.74
17:46:01   0.0   0.0   0.0 100.0   0.0    1    476    266    0    0    0  14.50
17:46:02   0.0   0.0   0.0  99.9   0.1    1    524    294    0    0    0  14.56
17:46:02   0.0   0.0   0.0 100.0   0.0    1    254    208    0    0    0  14.04
17:46:03   0.1   0.0   0.0  99.9   0.0    1    452    278    0    0    0  14.23
17:46:03   0.0   0.0   0.0 100.0   0.0    1    434    260    0    0    0  14.35
17:46:04   0.0   0.0   0.0 100.0   0.0    1    454    262    0    0    0  14.36
17:46:04   0.0   0.0   0.0 100.0   0.0    1    376    256    0    0    0  14.25
17:46:05   0.0   0.0   0.0 100.0   0.0    1    372    238    0    0    0  14.12
17:46:05   0.0   0.0   0.0 100.0   0.0    1    312    236    0    0    0  14.06
17:46:06   0.0   0.0   0.0 100.0   0.0    1    592    320    0    0    0  14.45
17:46:06   0.0   0.0   0.0 100.0   0.0    1    284    220    0    0    0  14.08
17:46:07   0.2   0.0   0.0  99.6   0.1    1    986    418    0    0    0  15.02
17:46:07   0.0   0.0   0.0 100.0   0.0    1    316    252    0    0    0  14.20
17:46:08   0.0   0.0   0.0 100.0   0.0    1    394    248    0    0    0  14.24
17:46:08   0.0   0.0   0.0 100.0   0.0    1    288    222    0    0    0  14.14
17:46:09   0.0   0.0   0.0 100.0   0.0    1    348    234    0    0    0  14.07
17:46:09   0.0   0.0   0.0 100.0   0.0    1    584    324    0    0    0  14.50
17:46:10   0.0   0.0   0.0 100.0   0.0    1    298    206    0    0    0  14.03
17:46:10   0.1   0.0   0.1  99.8   0.0    1   1032    534    4    4    4  16.01
17:46:11   0.0   0.0   0.0 100.0   0.0    1    610    318    0    0    0  14.62
17:46:11   0.0   0.0   0.0 100.0   0.0    1    224    190    0    0    0  14.03
17:46:12   0.0   0.0   0.1  99.9   0.0    1    784    580   12   12    9  15.54
17:46:12   0.0   0.0   0.0 100.0   0.0    1    322    250    0    0    0  14.20
17:46:13   0.0   0.0   0.0 100.0   0.0    1    700    602    9    5   12  14.93
17:46:13   0.1   0.0   0.0  99.9   0.0    1    292    220    0    0    0  14.18
17:46:14   0.0   0.0   0.0  99.9   0.1    1    322    228    0    0    0  14.17
17:46:14   0.0   0.0   0.0 100.0   0.0    1    232    192    0    0    0  14.10
17:46:15   0.0   0.0   0.0 100.0   0.0    1    388    246    0    0    0  14.22
17:46:15   0.0   0.0   0.0 100.0   0.0    1    286    194    0    0    0  14.12
17:46:16   0.0   0.0   0.0 100.0   0.0    1    386    322    0    0    0  14.36
17:46:16   0.0   0.0   0.0 100.0   0.0    1    276    220    0    0    0  14.37
17:46:17   0.0   0.0   0.0 100.0   0.0    1    394    252    0    0    0  14.30
17:46:17   0.0   0.0   0.0 100.0   0.0    1    248    224    0    0    0  14.11
17:46:18   0.0   0.0   0.0 100.0   0.0    1    340    228    0    0    0  14.20
17:46:18   0.0   0.0   0.0 100.0   0.0    1    288    238    0    0    0  14.21
17:46:19   0.0   0.0   0.0 100.0   0.0    1    404    254    0    0    0  14.23
17:46:19   0.0   0.0   0.0 100.0   0.0    1    322    234    0    0    0  14.21
17:46:20   0.0   0.0   0.0  99.9   0.1    1    288    204    0    0    0  14.11
17:46:20   0.0   0.0   0.0 100.0   0.0    1    352    230    0    0    0  14.25
17:46:21   0.0   0.0   0.0 100.0   0.0    1    430    274    0    0    0  14.28
17:46:21   0.0   0.0   0.0 100.0   0.0    1    240    194    0    0    0  14.13
17:46:22   0.0   0.0   0.0 100.0   0.0    2    338    238    0    0    0  14.23
17:46:22   0.0   0.0   0.0 100.0   0.0    1    358    262    0    0    0  14.37
17:46:23   0.0   0.0   0.1  99.9   0.0    2   1358   4426    0    0    1  83.48
17:46:23   0.0   0.0   0.0 100.0   0.0    1   1166   4422    0    0    0  83.66
-------- ----- ----- ----- ----- ----- ---- ------ ------ ---- ---- ---- ------
 Average   1.1   0.0   0.1  98.9   0.0  1.2  837.2  768.9  1.7  1.4  1.7  24.37
 GeoMean   0.0   0.0   0.0  98.8   0.0  1.2  542.2  440.2  0.0  0.0  0.0  19.90
  StdDev   2.2   0.0   0.1   2.3   0.0  0.4 1475.9 1193.2  3.7  3.2  3.6  19.41
-------- ----- ----- ----- ----- ----- ---- ------ ------ ---- ---- ---- ------
 Minimum   0.0   0.0   0.0  93.6   0.0  1.0  224.0  190.0  0.0  0.0  0.0  14.03
 Maximum   6.4   0.0   1.0 100.0   0.1  3.0 9410.0 5054.0 14.0 14.0 16.0  92.94
-------- ----- ----- ----- ----- ----- ---- ------ ------ ---- ---- ---- ------
Summary:
CPU:  24.37 Watts on average with standard deviation 19.41
Note: power read from RAPL domains: uncore, package-0, core.
These readings do not cover all the hardware in this device.
