  30441 vincenzo  20   0 1580912  61644   4608 R  75,2   0,2   0:00.76 sycl_rs_erasure
  30441 vincenzo  20   0 1580912 134772   4608 R 100,0   0,4   0:01.76 sycl_rs_erasure
  30441 vincenzo  20   0 1580912 208164   4608 R 100,0   0,6   0:02.77 sycl_rs_erasure
  30441 vincenzo  20   0 1580912 281292   4608 R 100,0   0,9   0:03.78 sycl_rs_erasure
  30441 vincenzo  20   0 1580912 354684   4608 R 100,0   1,1   0:04.78 sycl_rs_erasure
  30441 vincenzo  20   0 1580912 428076   4608 R  99,0   1,3   0:05.78 sycl_rs_erasure
  30441 vincenzo  20   0 1580912 501468   4608 R 100,0   1,5   0:06.79 sycl_rs_erasure
  30441 vincenzo  20   0 1580912 574596   4608 R  99,0   1,8   0:07.79 sycl_rs_erasure
  30441 vincenzo  20   0 1580912 647988   4608 R 100,0   2,0   0:08.79 sycl_rs_erasure
  30441 vincenzo  20   0 1580912 721380   4608 R 100,0   2,2   0:09.80 sycl_rs_erasure
  30441 vincenzo  20   0 1580912 962756   4696 R 100,0   2,9   0:10.81 sycl_rs_erasure
  30441 vincenzo  20   0 1580912   1,5g   4696 R  99,0   4,8   0:11.80 sycl_rs_erasure
  30441 vincenzo  20   0 1580912   1,5g   4696 R 100,0   4,8   0:12.81 sycl_rs_erasure
  30441 vincenzo  20   0 1580912   1,5g   4696 R 100,0   4,8   0:13.81 sycl_rs_erasure
  30441 vincenzo  20   0 1580912   1,5g   4696 R 100,0   4,8   0:14.82 sycl_rs_erasure
  30441 vincenzo  20   0 1580912   1,5g   4696 R 100,0   4,8   0:15.82 sycl_rs_erasure
  30441 vincenzo  20   0 1580912   1,5g   4696 R 100,0   4,8   0:16.83 sycl_rs_erasure
  30575 vincenzo  20   0 3679260   9940   4588 R  13,0   0,0   0:00.13 sycl_rs_erasure
  30575 vincenzo  20   0 3679260  97060   4588 R 100,0   0,3   0:01.14 sycl_rs_erasure
  30575 vincenzo  20   0 3679260 189196   4588 R  99,0   0,6   0:02.14 sycl_rs_erasure
  30575 vincenzo  20   0 3679260 281332   4588 R 100,0   0,9   0:03.15 sycl_rs_erasure
  30575 vincenzo  20   0 3679260 373204   4588 R  99,0   1,1   0:04.15 sycl_rs_erasure
  30575 vincenzo  20   0 3679260 464812   4588 R 100,0   1,4   0:05.15 sycl_rs_erasure
  30575 vincenzo  20   0 3679260 556156   4588 R 100,0   1,7   0:06.15 sycl_rs_erasure
  30575 vincenzo  20   0 3679260 647236   4588 R 100,0   2,0   0:07.16 sycl_rs_erasure
  30575 vincenzo  20   0 3679260 738580   4588 R 100,0   2,3   0:08.16 sycl_rs_erasure
  30575 vincenzo  20   0 3679260   1,3g   4588 R  79,2   4,1   0:08.96 sycl_rs_erasure
  30575 vincenzo  20   0 3679260   1,5g   4588 R  50,0   4,8   0:09.46 sycl_rs_erasure
  30575 vincenzo  20   0 3679260   1,5g   4588 R  49,5   4,8   0:09.96 sycl_rs_erasure
  30575 vincenzo  20   0 3679260   1,5g   4588 S  45,0   4,8   0:10.41 sycl_rs_erasure
  30575 vincenzo  20   0 3679260   1,5g   4588 R  45,0   4,8   0:10.86 sycl_rs_erasure
  30575 vincenzo  20   0 3679260   1,5g   4588 R  48,5   4,8   0:11.35 sycl_rs_erasure
  30575 vincenzo  20   0 3679260   1,5g   4588 S  48,0   4,8   0:11.83 sycl_rs_erasure
  30575 vincenzo  20   0 3679260   1,5g   4588 S  44,6   4,8   0:12.28 sycl_rs_erasure
  30575 vincenzo  20   0 3679260   1,5g   4588 R  46,0   4,8   0:12.74 sycl_rs_erasure
  30575 vincenzo  20   0 3679260   1,5g   4588 R  49,5   4,8   0:13.24 sycl_rs_erasure
  30575 vincenzo  20   0 3679260   1,5g   4588 S  48,0   4,8   0:13.72 sycl_rs_erasure
  30575 vincenzo  20   0 3679260   1,5g   4588 S  44,6   4,8   0:14.17 sycl_rs_erasure
  30575 vincenzo  20   0 3679260   1,5g   4588 R  46,0   4,8   0:14.63 sycl_rs_erasure
  30575 vincenzo  20   0 3679260   1,5g   4588 R  49,5   4,8   0:15.13 sycl_rs_erasure
  30575 vincenzo  20   0 3679260   1,5g   4588 S  49,0   4,8   0:15.62 sycl_rs_erasure
  30575 vincenzo  20   0 3679260   1,5g   4588 S  46,5   4,8   0:16.09 sycl_rs_erasure
