  27970 vincenzo  20   0  925532   9924   4628 R   5,0   0,0   0:00.05 sycl_rs_erasure
  27970 vincenzo  20   0  925532 102324   4628 R  99,0   0,3   0:01.04 sycl_rs_erasure
  27970 vincenzo  20   0  925532 194460   4628 R 100,0   0,6   0:02.05 sycl_rs_erasure
  27970 vincenzo  20   0  925532 286860   4628 R  99,0   0,9   0:03.05 sycl_rs_erasure
  27970 vincenzo  20   0  925532 379260   4628 R 100,0   1,2   0:04.06 sycl_rs_erasure
  27970 vincenzo  20   0  925532 922948   4756 R  99,0   2,8   0:05.06 sycl_rs_erasure
  27970 vincenzo  20   0  925532 922948   4756 R 100,0   2,8   0:06.06 sycl_rs_erasure
  27970 vincenzo  20   0  925532 922948   4756 R 100,0   2,8   0:07.07 sycl_rs_erasure
  27970 vincenzo  20   0  925532 922948   4756 R 100,0   2,8   0:08.08 sycl_rs_erasure
  28052 vincenzo  20   0 3023880  32636   4580 R  39,0   0,1   0:00.39 sycl_rs_erasure
  28052 vincenzo  20   0 3023880 125036   4580 R  99,0   0,4   0:01.39 sycl_rs_erasure
  28052 vincenzo  20   0 3023880 217172   4580 R 100,0   0,7   0:02.39 sycl_rs_erasure
  28052 vincenzo  20   0 3023880 295316   4580 R 100,0   0,9   0:03.40 sycl_rs_erasure
  28052 vincenzo  20   0 3023880 387716   4580 R  99,0   1,2   0:04.40 sycl_rs_erasure
  28052 vincenzo  20   0 3023880 922844   4580 S  50,0   2,8   0:04.90 sycl_rs_erasure
  28052 vincenzo  20   0 3023880 922844   4580 S  31,7   2,8   0:05.22 sycl_rs_erasure
  28052 vincenzo  20   0 3023880 922844   4580 S  38,0   2,8   0:05.60 sycl_rs_erasure
  28052 vincenzo  20   0 3023880 922844   4580 S  31,7   2,8   0:05.92 sycl_rs_erasure
  28052 vincenzo  20   0 3023880 922844   4580 R  37,0   2,8   0:06.29 sycl_rs_erasure
  28052 vincenzo  20   0 3023880 922844   4580 S  33,0   2,8   0:06.62 sycl_rs_erasure
  28052 vincenzo  20   0 3023880 922844   4580 R  35,6   2,8   0:06.98 sycl_rs_erasure
  28052 vincenzo  20   0 3023880 922844   4580 S  35,0   2,8   0:07.33 sycl_rs_erasure
  28052 vincenzo  20   0 3023880 922844   4580 R  32,7   2,8   0:07.66 sycl_rs_erasure
  28052 vincenzo  20   0 3023880 922844   4580 S  37,0   2,8   0:08.03 sycl_rs_erasure
  28052 vincenzo  20   0 3023880 922844   4580 R  31,7   2,8   0:08.35 sycl_rs_erasure
  28052 vincenzo  20   0 3023880 922844   4580 S  38,0   2,8   0:08.73 sycl_rs_erasure
