 0.0  0.0 ./bin/sycl_rs_erasure -f 0000:01:00.1 -l 134217728 -e1 -d1
73.0  0.2 ./bin/sycl_rs_erasure -f 0000:01:00.1 -l 134217728 -e1 -d1
 124  0.3 ./bin/sycl_rs_erasure -f 0000:01:00.1 -l 134217728 -e1 -d1
87.5  0.5 ./bin/sycl_rs_erasure -f 0000:01:00.1 -l 134217728 -e1 -d1
 112  0.6 ./bin/sycl_rs_erasure -f 0000:01:00.1 -l 134217728 -e1 -d1
91.6  0.7 ./bin/sycl_rs_erasure -f 0000:01:00.1 -l 134217728 -e1 -d1
 108  0.9 ./bin/sycl_rs_erasure -f 0000:01:00.1 -l 134217728 -e1 -d1
94.2  1.0 ./bin/sycl_rs_erasure -f 0000:01:00.1 -l 134217728 -e1 -d1
 106  1.2 ./bin/sycl_rs_erasure -f 0000:01:00.1 -l 134217728 -e1 -d1
95.6  1.3 ./bin/sycl_rs_erasure -f 0000:01:00.1 -l 134217728 -e1 -d1
 105  1.5 ./bin/sycl_rs_erasure -f 0000:01:00.1 -l 134217728 -e1 -d1
96.5  1.6 ./bin/sycl_rs_erasure -f 0000:01:00.1 -l 134217728 -e1 -d1
 105  1.7 ./bin/sycl_rs_erasure -f 0000:01:00.1 -l 134217728 -e1 -d1
97.2  1.9 ./bin/sycl_rs_erasure -f 0000:01:00.1 -l 134217728 -e1 -d1
 104  2.0 ./bin/sycl_rs_erasure -f 0000:01:00.1 -l 134217728 -e1 -d1
97.7  2.1 ./bin/sycl_rs_erasure -f 0000:01:00.1 -l 134217728 -e1 -d1
 104  2.2 ./bin/sycl_rs_erasure -f 0000:01:00.1 -l 134217728 -e1 -d1
98.1  2.4 ./bin/sycl_rs_erasure -f 0000:01:00.1 -l 134217728 -e1 -d1
 103  4.8 ./bin/sycl_rs_erasure -f 0000:01:00.1 -l 134217728 -e1 -d1
98.5  4.8 ./bin/sycl_rs_erasure -f 0000:01:00.1 -l 134217728 -e1 -d1
 103  4.8 ./bin/sycl_rs_erasure -f 0000:01:00.1 -l 134217728 -e1 -d1
98.8  4.8 ./bin/sycl_rs_erasure -f 0000:01:00.1 -l 134217728 -e1 -d1
 103  4.8 ./bin/sycl_rs_erasure -f 0000:01:00.1 -l 134217728 -e1 -d1
99.0  4.8 ./bin/sycl_rs_erasure -f 0000:01:00.1 -l 134217728 -e1 -d1
 103  4.8 ./bin/sycl_rs_erasure -f 0000:01:00.1 -l 134217728 -e1 -d1
99.2  4.8 ./bin/sycl_rs_erasure -f 0000:01:00.1 -l 134217728 -e1 -d1
 103  4.8 ./bin/sycl_rs_erasure -f 0000:01:00.1 -l 134217728 -e1 -d1
99.3  4.8 ./bin/sycl_rs_erasure -f 0000:01:00.1 -l 134217728 -e1 -d1
 103  4.8 ./bin/sycl_rs_erasure -f 0000:01:00.1 -l 134217728 -e1 -d1
99.5  4.8 ./bin/sycl_rs_erasure -f 0000:01:00.1 -l 134217728 -e1 -d1
 102  4.8 ./bin/sycl_rs_erasure -f 0000:01:00.1 -l 134217728 -e1 -d1
 0.0  0.0 ./bin/sycl_rs_erasure -f 0000:01:00.1 -l 134217728
 3.0  0.0 ./bin/sycl_rs_erasure -f 0000:01:00.1 -l 134217728
53.0  0.1 ./bin/sycl_rs_erasure -f 0000:01:00.1 -l 134217728
51.5  0.2 ./bin/sycl_rs_erasure -f 0000:01:00.1 -l 134217728
77.5  0.4 ./bin/sycl_rs_erasure -f 0000:01:00.1 -l 134217728
68.3  0.5 ./bin/sycl_rs_erasure -f 0000:01:00.1 -l 134217728
85.0  0.7 ./bin/sycl_rs_erasure -f 0000:01:00.1 -l 134217728
76.5  0.8 ./bin/sycl_rs_erasure -f 0000:01:00.1 -l 134217728
89.2  0.9 ./bin/sycl_rs_erasure -f 0000:01:00.1 -l 134217728
81.4  1.1 ./bin/sycl_rs_erasure -f 0000:01:00.1 -l 134217728
91.8  1.2 ./bin/sycl_rs_erasure -f 0000:01:00.1 -l 134217728
84.8  1.3 ./bin/sycl_rs_erasure -f 0000:01:00.1 -l 134217728
93.3  1.4 ./bin/sycl_rs_erasure -f 0000:01:00.1 -l 134217728
87.1  1.6 ./bin/sycl_rs_erasure -f 0000:01:00.1 -l 134217728
82.6  1.7 ./bin/sycl_rs_erasure -f 0000:01:00.1 -l 134217728
89.0  1.8 ./bin/sycl_rs_erasure -f 0000:01:00.1 -l 134217728
84.6  2.0 ./bin/sycl_rs_erasure -f 0000:01:00.1 -l 134217728
90.3  2.1 ./bin/sycl_rs_erasure -f 0000:01:00.1 -l 134217728
86.4  2.3 ./bin/sycl_rs_erasure -f 0000:01:00.1 -l 134217728
90.6  2.4 ./bin/sycl_rs_erasure -f 0000:01:00.1 -l 134217728
85.0  4.8 ./bin/sycl_rs_erasure -f 0000:01:00.1 -l 134217728
87.3  4.8 ./bin/sycl_rs_erasure -f 0000:01:00.1 -l 134217728
82.0  4.8 ./bin/sycl_rs_erasure -f 0000:01:00.1 -l 134217728
83.8  4.8 ./bin/sycl_rs_erasure -f 0000:01:00.1 -l 134217728
79.0  4.8 ./bin/sycl_rs_erasure -f 0000:01:00.1 -l 134217728
81.0  4.8 ./bin/sycl_rs_erasure -f 0000:01:00.1 -l 134217728
76.8  4.8 ./bin/sycl_rs_erasure -f 0000:01:00.1 -l 134217728
78.3  4.8 ./bin/sycl_rs_erasure -f 0000:01:00.1 -l 134217728
74.7  4.8 ./bin/sycl_rs_erasure -f 0000:01:00.1 -l 134217728
76.4  4.8 ./bin/sycl_rs_erasure -f 0000:01:00.1 -l 134217728
73.0  4.8 ./bin/sycl_rs_erasure -f 0000:01:00.1 -l 134217728
74.4  4.8 ./bin/sycl_rs_erasure -f 0000:01:00.1 -l 134217728
71.5  4.8 ./bin/sycl_rs_erasure -f 0000:01:00.1 -l 134217728
72.8  4.8 ./bin/sycl_rs_erasure -f 0000:01:00.1 -l 134217728
70.0  4.8 ./bin/sycl_rs_erasure -f 0000:01:00.1 -l 134217728
71.4  4.8 ./bin/sycl_rs_erasure -f 0000:01:00.1 -l 134217728
68.9  4.8 ./bin/sycl_rs_erasure -f 0000:01:00.1 -l 134217728
70.0  4.8 ./bin/sycl_rs_erasure -f 0000:01:00.1 -l 134217728
67.8  4.8 ./bin/sycl_rs_erasure -f 0000:01:00.1 -l 134217728
69.0  4.8 ./bin/sycl_rs_erasure -f 0000:01:00.1 -l 134217728
66.7  4.8 ./bin/sycl_rs_erasure -f 0000:01:00.1 -l 134217728
67.9  4.8 ./bin/sycl_rs_erasure -f 0000:01:00.1 -l 134217728
66.0  4.8 ./bin/sycl_rs_erasure -f 0000:01:00.1 -l 134217728
66.9  4.8 ./bin/sycl_rs_erasure -f 0000:01:00.1 -l 134217728
65.0  4.8 ./bin/sycl_rs_erasure -f 0000:01:00.1 -l 134217728
